// Jest Snapshot v1, https://goo.gl/fbAQLP

exports[`ArticleList snapshot test1 1`] = `
<DocumentFragment>
  <ol
    style="list-style: none;"
  />
</DocumentFragment>
`;

exports[`ArticleList snapshot test2 1`] = `
<DocumentFragment>
  <ol
    style="list-style: none;"
  >
    <li
      data-testid="article-link"
    >
      <article>
        <div
          css="You have tried to stringify object returned from \`css\` function. It isn't supposed to be used directly (e.g. as value of the \`className\` prop), but rather handed to emotion so it can handle it (e.g. as value of \`css\` prop)."
        >
          <a
            aria-label="記事へのリンク"
            href="/slug1/"
          >
            title
          </a>
        </div>
        <div
          css="You have tried to stringify object returned from \`css\` function. It isn't supposed to be used directly (e.g. as value of the \`className\` prop), but rather handed to emotion so it can handle it (e.g. as value of \`css\` prop)."
        >
          <div>
            <span
              css="You have tried to stringify object returned from \`css\` function. It isn't supposed to be used directly (e.g. as value of the \`className\` prop), but rather handed to emotion so it can handle it (e.g. as value of \`css\` prop)."
            >
              <time>
                2022年1月1日
              </time>
               公開
            </span>
            <span
              css="You have tried to stringify object returned from \`css\` function. It isn't supposed to be used directly (e.g. as value of the \`className\` prop), but rather handed to emotion so it can handle it (e.g. as value of \`css\` prop)."
            >
               
              <time>
                2022年12月31日
              </time>
               更新
            </span>
          </div>
          <div>
            <div>
              <ul
                css="You have tried to stringify object returned from \`css\` function. It isn't supposed to be used directly (e.g. as value of the \`className\` prop), but rather handed to emotion so it can handle it (e.g. as value of \`css\` prop)."
              >
                <li>
                  <a
                    href="/tags/tag1/"
                  >
                    #tag1
                  </a>
                </li>
                <li>
                  <a
                    href="/tags/tag2/"
                  >
                    #tag2
                  </a>
                </li>
                <li>
                  <a
                    href="/tags/tag3/"
                  >
                    #tag3
                  </a>
                </li>
                <li>
                  <a
                    href="/tags/tag4/"
                  >
                    #tag4
                  </a>
                </li>
                <li>
                  <a
                    href="/tags/tag5/"
                  >
                    #tag5
                  </a>
                </li>
              </ul>
            </div>
          </div>
        </div>
      </article>
    </li>
    <li
      data-testid="article-link"
    >
      <article>
        <div
          css="You have tried to stringify object returned from \`css\` function. It isn't supposed to be used directly (e.g. as value of the \`className\` prop), but rather handed to emotion so it can handle it (e.g. as value of \`css\` prop)."
        >
          <a
            aria-label="記事へのリンク"
            href="/slug2/"
          >
            title
          </a>
        </div>
        <div
          css="You have tried to stringify object returned from \`css\` function. It isn't supposed to be used directly (e.g. as value of the \`className\` prop), but rather handed to emotion so it can handle it (e.g. as value of \`css\` prop)."
        >
          <div>
            <span
              css="You have tried to stringify object returned from \`css\` function. It isn't supposed to be used directly (e.g. as value of the \`className\` prop), but rather handed to emotion so it can handle it (e.g. as value of \`css\` prop)."
            >
              <time>
                2022年1月1日
              </time>
               公開
            </span>
            <span
              css="You have tried to stringify object returned from \`css\` function. It isn't supposed to be used directly (e.g. as value of the \`className\` prop), but rather handed to emotion so it can handle it (e.g. as value of \`css\` prop)."
            >
               
              <time>
                2022年12月31日
              </time>
               更新
            </span>
          </div>
          <div>
            <div>
              <ul
                css="You have tried to stringify object returned from \`css\` function. It isn't supposed to be used directly (e.g. as value of the \`className\` prop), but rather handed to emotion so it can handle it (e.g. as value of \`css\` prop)."
              >
                <li>
                  <a
                    href="/tags/tag1/"
                  >
                    #tag1
                  </a>
                </li>
                <li>
                  <a
                    href="/tags/tag2/"
                  >
                    #tag2
                  </a>
                </li>
                <li>
                  <a
                    href="/tags/tag3/"
                  >
                    #tag3
                  </a>
                </li>
                <li>
                  <a
                    href="/tags/tag4/"
                  >
                    #tag4
                  </a>
                </li>
                <li>
                  <a
                    href="/tags/tag5/"
                  >
                    #tag5
                  </a>
                </li>
              </ul>
            </div>
          </div>
        </div>
      </article>
    </li>
    <li
      data-testid="article-link"
    >
      <article>
        <div
          css="You have tried to stringify object returned from \`css\` function. It isn't supposed to be used directly (e.g. as value of the \`className\` prop), but rather handed to emotion so it can handle it (e.g. as value of \`css\` prop)."
        >
          <a
            aria-label="記事へのリンク"
            href="/slug3/"
          >
            title
          </a>
        </div>
        <div
          css="You have tried to stringify object returned from \`css\` function. It isn't supposed to be used directly (e.g. as value of the \`className\` prop), but rather handed to emotion so it can handle it (e.g. as value of \`css\` prop)."
        >
          <div>
            <span
              css="You have tried to stringify object returned from \`css\` function. It isn't supposed to be used directly (e.g. as value of the \`className\` prop), but rather handed to emotion so it can handle it (e.g. as value of \`css\` prop)."
            >
              <time>
                2022年1月1日
              </time>
               公開
            </span>
            <span
              css="You have tried to stringify object returned from \`css\` function. It isn't supposed to be used directly (e.g. as value of the \`className\` prop), but rather handed to emotion so it can handle it (e.g. as value of \`css\` prop)."
            >
               
              <time>
                2022年12月31日
              </time>
               更新
            </span>
          </div>
          <div>
            <div>
              <ul
                css="You have tried to stringify object returned from \`css\` function. It isn't supposed to be used directly (e.g. as value of the \`className\` prop), but rather handed to emotion so it can handle it (e.g. as value of \`css\` prop)."
              >
                <li>
                  <a
                    href="/tags/tag1/"
                  >
                    #tag1
                  </a>
                </li>
                <li>
                  <a
                    href="/tags/tag2/"
                  >
                    #tag2
                  </a>
                </li>
                <li>
                  <a
                    href="/tags/tag3/"
                  >
                    #tag3
                  </a>
                </li>
                <li>
                  <a
                    href="/tags/tag4/"
                  >
                    #tag4
                  </a>
                </li>
                <li>
                  <a
                    href="/tags/tag5/"
                  >
                    #tag5
                  </a>
                </li>
              </ul>
            </div>
          </div>
        </div>
      </article>
    </li>
  </ol>
</DocumentFragment>
`;
